00701690 T _bcopy
007016d4 T _bzero
00701714 T _vm_machine_attribute
00701780 T _setjmp
00701800 T _longjmp
00701878 t _round
00701890 t _print
007018d4 t _print_architecture_banner
00701944 t _warning
007019e0 t _error
00701a7c t _fatal
00701b0c t _warning_with_cur_obj
00701bb4 t _error_with_cur_obj
00701c5c t _merge
00701d74 t _check_cur_obj
00703660 t _merge_base_program
00703bd8 t _check_size_offset
00703c9c t _check_size_offset_sect
00703d90 t _new_object_file
00703e70 t _add_last_object_file
00703eb0 t _remove_last_object_file
00703f58 t _print_obj_name
00704014 t _obj_member_name
007040b4 t _size_ar_name
007040ec t _print_whatsloaded
00704208 t _fine_reloc_output_offset
0070429c t _fine_reloc_output_address
00704468 t _fine_reloc_offset_in_output
00704490 t _fine_reloc_offset_in_output_for_output_offset
007045ac t _fine_reloc_output_sectnum
0070472c t _fine_reloc_for_input_offset
00704810 t _clean_objects
007048cc t _remove_objects
00704a30 t _merge_sections
00704bd8 t _create_merged_section
00705100 t _lookup_merged_segment
00705174 t _lookup_merged_section
00705268 t _merge_literal_sections
007054dc t _output_literal_sections
00705580 t _output_section
007058bc t _reset_merged_sections
00705a18 t _zero_merged_sections_sizes
00705ae0 t _remove_merged_sections
00705cfc t _cstring_merge
00705e40 t _cstring_order
00705e4c t _get_cstring_from_sectorder
007061c8 t _lookup_cstring
00706450 t _cstring_output
007064c8 t _cstring_free
00706570 t _merge_symbols
0070718c t _is_output_local_symbol
00707218 t _lookup_symbol
007073cc t _enter_symbol
0070753c t _enter_indr_symbol
007076a4 t _enter_string
007078f0 t _add_to_undefined_list
00707a44 t _delete_from_undefined_list
00707a94 t _multiply_defined
00707c30 t _trace_object_symbol
00707c88 t _trace_merged_symbol
00707cd8 t _trace_symbol
00707e14 t _free_undefined_list
00707e88 t _define_common_symbols
007084b4 t _reduce_indr_symbols
00708764 t _layout_merged_symbols
007088d4 t _output_local_symbols
00708e34 t _local_symbol_output_index
00709014 t _set_merged_string_block_indexes
00709094 t _output_merged_symbols
0070962c t _merged_symbol_string_index
00709668 t _get_string_block
007096dc t _process_undefineds
00709a70 t _reset_prebound_undefines
00709b70 t _assign_output_symbol_indexes
0070a120 t _free_multiple_defs
0070a174 t _remove_merged_symbols
0070a338 t _layout
0070a494 t _layout_segments
0070b75c t _pass2
0070b9e0 t _create_output_sections_array
0070bad8 t _set_SG_NORELOC_flags
0070bc1c t _output_headers
0070bf7c t _generic_reloc
0070cb90 t _undef_bsearch
0070cba8 T _rld_load
0070cbd4 T _rld_load_from_memory
0070cc10 t _internal_rld_load
0070cec0 t _internal_rld_unload
0070cff0 T _rld_unload_all
0070d1a0 t _cleanup
0070d1cc T _sa_rld
0070d3e0 t _vprint
0070d440 t _allocate
0070d490 t _reallocate
0070d4e8 t _new_set
0070d674 t _new_archive_or_fat
0070d7dc t _clean_archives_and_fats
0070d7e8 t _remove_set
0070d8bc t _free_sets
0070d9cc t _literal4_merge
0070dac0 t _literal4_order
0070dbac t _lookup_literal4
0070dcec t _literal4_output
0070dd94 t _literal4_free
0070dde0 t _literal8_merge
0070ded8 t _literal8_order
0070e004 t _get_hex_from_sectorder
0070e198 t _lookup_literal8
0070e2f8 t _literal8_output
0070e3e0 t _literal8_free
0070e42c t _literal_pointer_merge
0070eca0 t _count_reloc
0070ed78 t _literal_pointer_order
0070ed84 t _lookup_literal_pointer
0070ef8c t _literal_pointer_output
0070f07c t _literal_pointer_free
0070f118 t _legal_reference
0070f128 t _modinit_section_merge
0070f320 t _modinit_section_order
0070f32c t _ppc_reloc
00710ae4 t _m88k_reloc
00711be4 t _hppa_reloc
007133f0 t _sparc_reloc
007144b4 t _cpusubtype_findbestarch
00714be4 t _cpusubtype_combine
00714f64 t _get_arch_from_flag
00715048 t _get_arch_from_host
0071553c t _get_arch_flags
00715550 t _get_arch_name_from_types
007155d4 t _get_arch_family_from_cputype
00715644 t _get_byte_sex_from_flag
007156bc t _get_stack_direction_from_flag
00715730 t _get_stack_addr_from_flag
0071579c t _get_stack_size_from_flag
007157ac t _SWAP_DOUBLE
00715828 t _SWAP_FLOAT
0071585c t _get_host_byte_sex
0071587c t _swap_fat_header
007158d0 t _swap_fat_arch
007159bc t _swap_mach_header
00715ac4 t _swap_load_command
00715b18 t _swap_segment_command
00715c8c t _swap_section
00715e08 t _swap_symtab_command
00715eec t _swap_dysymtab_command
007161c8 t _swap_symseg_command
00716264 t _swap_fvmlib_command
00716324 t _swap_dylib_command
00716408 t _swap_prebound_dylib_command
007164c8 t _swap_dylinker_command
00716540 t _swap_fvmfile_command
007165dc t _swap_thread_command
00716630 t _swap_m68k_thread_state_regs
007166fc t _swap_m68k_thread_state_68882
00716828 t _swap_m68k_thread_state_user_reg
00716858 t _swap_ppc_thread_state_t
00717220 t _swap_ppc_float_state_t
007172b0 t _swap_ppc_exception_state_t
00717388 t _swap_m88k_thread_state_grf_t
0071785c t _swap_m88k_thread_state_xrf_t
00718c18 t _swap_m88k_thread_state_user_t
00718c48 t _swap_m88110_thread_state_impl_t
00719124 t _swap_i860_thread_state_regs
007193c4 t _swap_i386_thread_state
00719610 t _swap_i386_thread_fpstate
00719e08 t _swap_i386_thread_exceptstate
00719fb4 t _swap_i386_thread_cthreadstate
00719fe4 t _swap_hppa_integer_thread_state
0071a500 t _swap_hppa_frame_thread_state
0071a650 t _swap_hppa_fp_thread_state
0071a7f8 t _swap_sparc_thread_state_regs
0071ac40 t _swap_sparc_thread_state_fpu
0071aea8 t _swap_ident_command
0071aefc t _swap_nlist
0071af90 t _swap_ranlib
0071b004 t _swap_relocation_info
0071b234 t _swap_indirect_symbols
0071b280 t _swap_dylib_reference
0071b360 t _swap_dylib_module
0071b524 t _swap_dylib_table_of_contents
0071b598 t _swap_object_headers
0071c7a8 t _vm_flush_cache
0071c7d8 t _calc_hppa_HILO
0071c808 t _assemble_17
0071c848 t _assemble_21
0071c87c t _assemble_12
0071c8a0 t _assemble_3
0071c8b8 t _sign_ext
0071c908 t _ones
0071c93c t _low_sign_ext
0071c990 t _dis_assemble_21
0071c9c0 t _low_sign_unext
0071ca28 t _dis_assemble_17
0071ca54 t _sign_unext
0071ca88 t _dis_assemble_3
0071caa0 t _dis_assemble_12
0071cac4 T _memset
0071cb1c T _memcpy
0071cb7c T _memmove
0071cc54 T _bsearch
0071cd68 T _malloc_init
0071ce4c T _malloc_error_init
0071ce78 T _malloc
0071d134 T _free
0071d540 t _zallocate
0071d5e8 t _zinsert
0071d6ac t _zdelete
0071d770 t _zcoalesce
0071d8fc T _realloc
0071d95c T _mach_error_string
0071d99c T _vm_allocate
0071da1c T _vm_deallocate
0071da60 T _host_info
0071db18 T _host_self
0071db38 T _getpagesize
0071db60 T _getsegbynamefromheader
0071dc28 t _sputc
0071dc9c T _sprintf
0071dd2c T _slvprintf
0071ddb8 T _strlen
0071de18 T _strcmp
0071debc T _strncmp
0071df88 T _strcpy
0071dfec T _strncpy
0071e088 T _ptol
0071e0ec T _atoi
0071e1b8 T _strncat
0071e274 T _strcat
0071e2cc T _strtol
0071e5ec T _strtoul
0071e8e8 t _isupper
0071e92c t _isalpha
0071e988 t _isspace
0071e9e0 t _isdigit
0071ea24 T _strerror
0071ea74 t _printn
0071ec68 T _prf
0072567c s _empty_symtab.76
00725694 s _empty_dysymtab.77
00725720 s _empty_symtab.80
00725774 s _section_flags
007258f8 s _link_edit_common_section
0072593c s _link_edit_section_maps
00725964 s _link_edit_common_object
00725c74 s _arch_flags
00726000 d _vm_machine_count
00726004 d _progname
00726008 d _errors
0072600c d _host_pagesize
00726010 d _host_byte_sex
00726014 d _outputfile
00726018 d _filetype
0072601c d _arch_flag
00726028 d _specific_arch_flag
0072602c d _force_cpusubtype_ALL
00726030 d _target_byte_sex
00726034 d _arch_multiple
00726038 d _trace
0072603c d _save_reloc
00726040 d _output_for_dyld
00726044 d _bind_at_load
00726048 d _load_map
0072604c d _define_comldsyms
00726050 d _seglinkedit
00726054 d _whyload
00726058 d _flush
0072605c d _sectorder_detail
00726060 d _nowarnings
00726064 d _no_arch_warnings
00726068 d _arch_errors_fatal
0072606c d _archive_ObjC
00726070 d _archive_all
00726074 d _keep_private_externs
00726078 d _dynamic
0072607c d _strip_level
00726080 d _strip_base_symbols
00726084 d _trace_syms
00726088 d _ntrace_syms
0072608c d _Yflag
00726090 d _undef_syms
00726094 d _nundef_syms
00726098 d _dylib_files
0072609c d _ndylib_files
007260a0 d _undefined_flag
007260a4 d _read_only_reloc_flag
007260a8 d _prebinding
007260ac d _allow_multiply_defined_symbols
007260b0 d _segalign
007260b4 d _pagezero_size
007260b8 d _defaultsectalign
007260bc d _seg1addr
007260c0 d _seg1addr_specified
007260c4 d _stack_addr
007260c8 d _stack_addr_specified
007260cc d _stack_size
007260d0 d _stack_size_specified
007260d4 d _headerpad
007260d8 d _entry_point_name
007260dc d _dylib_install_name
007260e0 d _dylib_current_version
007260e4 d _dylib_compatibility_version
007260e8 d _dylinker_install_name
007260ec d _next_root
007260f0 d _printed.78
007260f4 d _base_program_symtab.81
0072610c d _objects
00726110 d _nobjects
00726114 d _cur_obj
00726118 d _base_obj
0072611c d _member_name.82
00726130 d _merged_segments
00726134 d _original_merged_segments
00726138 d _nreloc
0072613c d _merged_symbol_lists
00726140 d _nmerged_symbols
00726144 d _nmerged_private_symbols
00726148 d _nmerged_symbols_referenced_only_from_dylibs
0072614c d _merged_symbol_list_for_enter_symbol
00726150 d _merged_string_blocks
00726154 d _merged_string_size
00726158 d _undefsyms_order
0072615c d _extdefsyms_order
00726160 d _nlocal_symbols
00726164 d _local_string_size
00726168 d _sect_object_symbols
00726178 d _undefined_list
00726184 d _free_list
00726190 d _multiple_defs
00726194 d _nmultiple_defs
00726198 d _nindr_symbols
0072619c d _indr_symbol_pairs
007261a0 d _nindr_symbol_pairs
007261a4 d _commons_exist
007261a8 d _noundefs
007261ac d _output_mach_header
007261c8 d _output_symtab_info
007261ec d _output_dysymtab_info
0072623c d _output_thread_info
00726268 d _mc680x0
007262b0 d _powerpc
00726350 d _mc88000
007263d8 d _i860
0072655c d _intel386
0072659c d _hppa_frame_state
007265c8 d _hppa_integer_state
00726658 d _sparc_state
007266a4 d _linkedit_segment.76
007266f8 d _pagezero_segment.77
0072674c d _stack_segment.78
007267a0 d _object_segment.79
007267f4 d _output_size
007267f8 d _output_addr
007267fc d _output_sections
00726800 d _address_func
00726804 d _RLD_DEBUG_OUTPUT_FILENAME_flag
00726808 d _error_stream
0072680c d _rld_env
00726b44 d _fatals
00726b48 d _base_name
00726b4c D _sa_rld_output_addr
00726b50 D _sa_rld_output_size
00726b54 d _sa_rld_error_buf_addr
00726b58 d _sa_rld_error_buf_size
00726b5c d _sa_rld_malloc_initialized
00726b60 d _sets
00726b64 d _nsets
00726b68 d _cur_set
00726b6c d _has_dynamic_linker_command
00726b70 d _nindirectsyms
00726b74 d _save_lazy_symbol_pointer_relocs
00726b78 D _vm_page_size
00726b7c b _undefined_blocks
00726b80 b _zalloced
00726b84 b _zavailable
00726b88 b _availableNodes
00726b8a b _allocedNodes
00726b8c b _totalNodes
00726b90 b _zalloc_base
00726b94 b _zerror
00726b98 b _error_string.72
00726bc0 S _task_self_
00726bc4 S _errno
